// Jest Snapshot v1, https://goo.gl/fbAQLP

exports[`Datatable component (js/component/Datatable) should match normal snapshot 1`] = `
<Row
  bsClass="row"
  componentClass="div"
>
  <Col
    bsClass="col"
    componentClass="div"
    md={4}
    xs={12}
  >
    <SelectFilter
      filterText=""
      keyName="test-table"
      onChangeFilter={[Function]}
    />
  </Col>
  <Col
    bsClass="col"
    componentClass="div"
    md={4}
    xs={12}
  >
    <Form
      bsClass="form"
      componentClass="form"
      horizontal={false}
      inline={true}
    >
      <FormGroup
        bsClass="form-group"
        controlId="formGroupPagination"
      >
        Show 
        <FormControl
          bsClass="form-control"
          componentClass="select"
          defaultValue={5}
          name="form-control-pagination"
          onChange={[Function]}
          placeholder="select"
        >
          <option
            value={5}
          >
            5
          </option>
          <option
            value={10}
          >
            10
          </option>
          <option
            value={15}
          >
            15
          </option>
          <option
            value={20}
          >
            20
          </option>
        </FormControl>
         options per page
      </FormGroup>
    </Form>
  </Col>
  <Col
    bsClass="col"
    className="text-right"
    componentClass="div"
    md={4}
    xs={12}
  >
    <ButtonGroup
      block={false}
      bsClass="btn-group"
      className="btn-group-page-nav"
      justified={false}
      vertical={false}
    >
      <Button
        active={false}
        block={false}
        bsClass="btn"
        bsStyle="default"
        disabled={true}
        onClick={[Function]}
      >
        First
      </Button>
      <Button
        active={false}
        block={false}
        bsClass="btn"
        bsStyle="default"
        disabled={true}
        onClick={[Function]}
      >
        Prev
      </Button>
      <Button
        active={true}
        block={false}
        bsClass="btn"
        bsStyle="default"
        disabled={false}
        onClick={[Function]}
      >
        1
      </Button>
      <Button
        active={false}
        block={false}
        bsClass="btn"
        bsStyle="default"
        disabled={false}
        onClick={[Function]}
      >
        2
      </Button>
      <Button
        active={false}
        block={false}
        bsClass="btn"
        bsStyle="default"
        disabled={false}
        onClick={[Function]}
      >
        3
      </Button>
      <Button
        active={false}
        block={false}
        bsClass="btn"
        bsStyle="default"
        disabled={false}
        onClick={[Function]}
      >
        Next
      </Button>
      <Button
        active={false}
        block={false}
        bsClass="btn"
        bsStyle="default"
        disabled={false}
        onClick={[Function]}
      >
        Last
      </Button>
    </ButtonGroup>
  </Col>
  <Col
    bsClass="col"
    componentClass="div"
    xs={12}
  >
    <Table
      bordered={false}
      bsClass="table"
      className="table-datatable table table-striped table-responsive"
      condensed={false}
      hover={false}
      responsive={false}
      striped={false}
    >
      <thead
        className="thead-default"
      >
        <tr
          className="thead-tr-default"
        >
          <th
            className="thead-th-default sortable"
            onClick={[Function]}
          >
            Username
            <span
              className="pull-right"
            >
              <FontAwesome
                additionalClass="fa-fw"
                icon="sort-asc"
              />
            </span>
          </th>
          <th
            className="thead-th-default sortable"
            onClick={[Function]}
          >
            Person Name
            <span
              className="pull-right"
            >
              <FontAwesome
                additionalClass="fa-fw"
                icon="sort"
              />
            </span>
          </th>
        </tr>
      </thead>
      <tbody
        className="tbody-default"
      >
        <tr
          className="tbody-tr-default"
        >
          <td
            className="tbody-td-default"
          >
            i-am-tyler-1
          </td>
          <td
            className="tbody-td-default"
          >
            Tyler Olfson 1
          </td>
        </tr>
        <tr
          className="tbody-tr-default"
        >
          <td
            className="tbody-td-default"
          >
            i-am-tyler-2
          </td>
          <td
            className="tbody-td-default"
          >
            Tyler Olfson 2
          </td>
        </tr>
        <tr
          className="tbody-tr-default"
        >
          <td
            className="tbody-td-default"
          >
            i-am-tyler-3
          </td>
          <td
            className="tbody-td-default"
          >
            Tyler Olfson 3
          </td>
        </tr>
        <tr
          className="tbody-tr-default"
        >
          <td
            className="tbody-td-default"
          >
            i-am-tyler-4
          </td>
          <td
            className="tbody-td-default"
          >
            Tyler Olfson 4
          </td>
        </tr>
        <tr
          className="tbody-tr-default"
        >
          <td
            className="tbody-td-default"
          >
            i-am-tyler-5
          </td>
          <td
            className="tbody-td-default"
          >
            Tyler Olfson 5
          </td>
        </tr>
      </tbody>
    </Table>
  </Col>
</Row>
`;
